<testsuites id="" name="" tests="6" failures="0" skipped="0" errors="0" time="13.283973">
<testsuite name="example.spec.ts" timestamp="2025-04-08T06:34:19.998Z" hostname="chromium" tests="2" failures="0" skipped="0" time="7.207" errors="0">
<testcase name="has title" classname="example.spec.ts" time="2.596">
</testcase>
<testcase name="get started link" classname="example.spec.ts" time="4.611">
</testcase>
</testsuite>
<testsuite name="example.spec.ts" timestamp="2025-04-08T06:34:19.998Z" hostname="firefox" tests="2" failures="0" skipped="0" time="9.533" errors="0">
<testcase name="has title" classname="example.spec.ts" time="3.626">
</testcase>
<testcase name="get started link" classname="example.spec.ts" time="5.907">
</testcase>
</testsuite>
<testsuite name="example.spec.ts" timestamp="2025-04-08T06:34:19.998Z" hostname="webkit" tests="2" failures="0" skipped="0" time="11.399" errors="0">
<testcase name="has title" classname="example.spec.ts" time="6.032">
</testcase>
<testcase name="get started link" classname="example.spec.ts" time="5.367">
</testcase>
</testsuite>
</testsuites>